CREATE EXTENSION pg_exclusive_backup;
SELECT 1 FROM pg_start_backup('test', true);
 ?column? 
----------
        1
(1 row)

SELECT pg_is_in_backup();
 pg_is_in_backup 
-----------------
 t
(1 row)

SELECT pg_backup_start_time() IS NOT NULL;
 ?column? 
----------
 t
(1 row)

-- Suppress NOTICE message about WAL archiving that pg_stop_backup()
-- emits because its content can vary depending on WAL archiving
-- configuration in the server.
SET client_min_messages TO 'warning';
SELECT 1 FROM pg_stop_backup();
 ?column? 
----------
        1
(1 row)

RESET client_min_messages;
SELECT pg_is_in_backup();
 pg_is_in_backup 
-----------------
 f
(1 row)

SELECT pg_backup_start_time() IS NOT NULL;
 ?column? 
----------
 f
(1 row)

SELECT pg_backup_start('test', true);
ERROR:  function pg_backup_start(unknown, boolean) does not exist
LINE 1: SELECT pg_backup_start('test', true);
               ^
HINT:  No function matches the given name and argument types. You might need to add explicit type casts.
SELECT pg_backup_stop(false);
ERROR:  function pg_backup_stop(boolean) does not exist
LINE 1: SELECT pg_backup_stop(false);
               ^
HINT:  No function matches the given name and argument types. You might need to add explicit type casts.
